// Jest Snapshot v1, https://goo.gl/fbAQLP

exports[`App should render correctly in "debug" mode 1`] = `ShallowWrapper {}`;

exports[`Categoryreview should render correctley with no props 1`] = `ShallowWrapper {}`;

exports[`LearnMore Learn component should render correctley with no props 1`] = `ShallowWrapper {}`;

exports[`LearnMore should render correctley with no props 1`] = `ShallowWrapper {}`;

exports[`SizeTable should render properly renders list 1`] = `
<div
  className=""
>
  <div
    className=""
  >
    <div
      className=""
    >
      <div
        className=""
      >
        <div>
          Heel-toe measurement
        </div>
      </div>
      <div
        className=""
      >
        <div>
          8.7"
        </div>
      </div>
      <div
        className=""
      >
        <div>
          8.9"
        </div>
      </div>
      <div
        className=""
      >
        <div>
          9.0"
        </div>
      </div>
      <div
        className=""
      >
        <div>
          9.2"
        </div>
      </div>
      <div
        className=""
      >
        <div>
          9.5"
        </div>
      </div>
      <div
        className=""
      >
        <div>
          9.7"
        </div>
      </div>
      <div
        className=""
      >
        <div>
          9.8"
        </div>
      </div>
      <div
        className=""
      >
        <div>
          10.0"
        </div>
      </div>
      <div
        className=""
      >
        <div>
          10.2"
        </div>
      </div>
    </div>
    <div
      className=""
    >
      <div
        className=""
      >
        <div>
          US - Mens
        </div>
      </div>
      <div
        className=""
      >
        <div>
          4
        </div>
      </div>
      <div
        className=""
      >
        <div>
          4.5
        </div>
      </div>
      <div
        className=""
      >
        <div>
          5
        </div>
      </div>
      <div
        className=""
      >
        <div>
          5.5
        </div>
      </div>
      <div
        className=""
      >
        <div>
          6
        </div>
      </div>
      <div
        className=""
      >
        <div>
          6.5
        </div>
      </div>
      <div
        className=""
      >
        <div>
          7
        </div>
      </div>
      <div
        className=""
      >
        <div>
          7.5
        </div>
      </div>
      <div
        className=""
      >
        <div>
          8
        </div>
      </div>
    </div>
    <div
      className=""
    >
      <div
        className=""
      >
        <div>
          US - Womens
        </div>
      </div>
      <div
        className=""
      >
        <div>
          4
        </div>
      </div>
      <div
        className=""
      >
        <div>
          4.5
        </div>
      </div>
      <div
        className=""
      >
        <div>
          5
        </div>
      </div>
      <div
        className=""
      >
        <div>
          5.5
        </div>
      </div>
      <div
        className=""
      >
        <div>
          6
        </div>
      </div>
      <div
        className=""
      >
        <div>
          6.5
        </div>
      </div>
      <div
        className=""
      >
        <div>
          7
        </div>
      </div>
      <div
        className=""
      >
        <div>
          7.5
        </div>
      </div>
      <div
        className=""
      >
        <div>
          8
        </div>
      </div>
    </div>
  </div>
</div>
`;
